
> hostel-market@0.1.0 dev
> next dev

  ▲ Next.js 14.2.5
  - Local:        http://localhost:3000
  - Environments: .env.local

 ✓ Starting...
 ✓ Ready in 2.4s
 ○ Compiling / ...
 ✓ Compiled / in 9.6s (1611 modules)
 GET / 200 in 10101ms
 ✓ Compiled in 861ms (763 modules)
 GET / 200 in 66ms
(node:40608) [DEP0060] DeprecationWarning: The `util._extend` API is deprecated. Please use Object.assign() instead.
(Use `node --trace-deprecation ...` to show where the warning was created)
 ○ Compiling /api/chats ...
 ✓ Compiled /api/chats in 934ms (869 modules)
 ✓ Compiled (871 modules)
 GET /api/notifications?page=1&limit=20 200 in 1546ms
 GET /api/chats 200 in 1549ms
 ○ Compiling /selling-history ...
 ✓ Compiled /selling-history in 714ms (1630 modules)
 GET /selling-history 200 in 991ms
 GET /api/chats 200 in 272ms
 GET /api/notifications?page=1&limit=20 200 in 282ms
 ○ Compiling /profile ...
 ✓ Compiled /profile in 619ms (1646 modules)
 GET /profile 200 in 892ms
 GET /api/notifications?page=1&limit=20 200 in 168ms
 GET /api/chats 200 in 173ms
 GET / 200 in 98ms
 GET /api/notifications?page=1&limit=20 200 in 190ms
 GET /api/chats 200 in 449ms
 ○ Compiling /products ...
 ✓ Compiled /products in 1054ms (1674 modules)
 GET /products 200 in 1247ms
 ✓ Compiled /api/hostels in 280ms (904 modules)
 GET /api/hostels 200 in 681ms
 GET /api/chats 200 in 763ms
 GET /api/notifications?page=1&limit=20 200 in 768ms
 ○ Compiling /sell ...
 ✓ Compiled /sell in 1219ms (1699 modules)
 GET /sell 200 in 1385ms
 GET /api/notifications?page=1&limit=20 200 in 138ms
 GET /api/chats 200 in 136ms
 GET / 200 in 94ms
 GET /api/chats 200 in 149ms
 GET /api/notifications?page=1&limit=20 200 in 394ms
 GET /sell 200 in 56ms
 GET /api/notifications?page=1&limit=20 200 in 469ms
 GET /api/chats 200 in 463ms
 GET /api/notifications?page=1&limit=20 200 in 1151ms
 GET / 200 in 84ms
 ○ Compiling /_not-found ...
 ✓ Compiled /_not-found in 2s (1667 modules)
 GET /.well-known/appspecific/com.chrome.devtools.json 404 in 2428ms
 GET /_next/static/chunks/app/LayoutGroupContext.mjs.map 404 in 1620ms
 GET /_next/static/chunks/app/LayoutGroupContext.mjs.map 404 in 44ms
 ○ Compiling /api/chats ...
 ✓ Compiled /api/chats in 627ms (884 modules)
 GET /api/chats 200 in 928ms
 GET /api/notifications?page=1&limit=20 200 in 1009ms
 ✓ Compiled /products in 338ms (900 modules)
 GET /_next/static/chunks/app/products/LayoutGroupContext.mjs.map 404 in 242ms
 ✓ Compiled /api/hostels in 374ms (903 modules)
 GET /api/hostels 200 in 520ms
 GET /_next/static/chunks/app/sell/LayoutGroupContext.mjs.map 404 in 119ms
 GET /sell 200 in 91ms
 GET /.well-known/appspecific/com.chrome.devtools.json 404 in 82ms
 GET /_next/static/chunks/app/sell/LayoutGroupContext.mjs.map 404 in 59ms
 GET /_next/static/chunks/app/LayoutGroupContext.mjs.map 404 in 58ms
 GET /api/chats 200 in 208ms
 GET /api/notifications?page=1&limit=20 200 in 222ms
 ○ Compiling /chats ...
 ✓ Compiled /chats in 1356ms (1700 modules)
 ○ Compiling /polls ...
 ✓ Compiled /polls in 1081ms (1716 modules)
 ✓ Compiled /api/polls in 495ms (921 modules)
 GET /api/hostels 200 in 925ms
 GET /api/polls 200 in 1054ms
 ○ Compiling /polls/new ...
 ✓ Compiled /polls/new in 1187ms (1741 modules)
 ○ Compiling /wishlist ...
 ✓ Compiled /wishlist in 906ms (1749 modules)
 GET /_next/static/chunks/app/wishlist/LayoutGroupContext.mjs.map 404 in 238ms
 GET /_next/static/chunks/app/LayoutGroupContext.mjs.map 404 in 93ms
 ✓ Compiled in 2.2s (821 modules)
Failed to proxy http://localhost:5000/api/products/trending AggregateError [ECONNREFUSED]: 
    at internalConnectMultiple (node:net:1134:18)
    at afterConnectMultiple (node:net:1715:7)
    at TCPConnectWrap.callbackTrampoline (node:internal/async_hooks:130:17) {
  code: 'ECONNREFUSED',
  [errors]: [
    Error: connect ECONNREFUSED ::1:5000
        at createConnectionError (node:net:1678:14)
        at afterConnectMultiple (node:net:1708:16)
        at TCPConnectWrap.callbackTrampoline (node:internal/async_hooks:130:17) {
      errno: -4078,
      code: 'ECONNREFUSED',
      syscall: 'connect',
      address: '::1',
      port: 5000
    },
    Error: connect ECONNREFUSED 127.0.0.1:5000
        at createConnectionError (node:net:1678:14)
        at afterConnectMultiple (node:net:1708:16)
        at TCPConnectWrap.callbackTrampoline (node:internal/async_hooks:130:17) {
      errno: -4078,
      code: 'ECONNREFUSED',
      syscall: 'connect',
      address: '127.0.0.1',
      port: 5000
    }
  ]
}
AggregateError [ECONNREFUSED]: 
    at internalConnectMultiple (node:net:1134:18)
    at afterConnectMultiple (node:net:1715:7)
    at TCPConnectWrap.callbackTrampoline (node:internal/async_hooks:130:17) {
  code: 'ECONNREFUSED',
  [errors]: [
    Error: connect ECONNREFUSED ::1:5000
        at createConnectionError (node:net:1678:14)
        at afterConnectMultiple (node:net:1708:16)
        at TCPConnectWrap.callbackTrampoline (node:internal/async_hooks:130:17) {
      errno: -4078,
      code: 'ECONNREFUSED',
      syscall: 'connect',
      address: '::1',
      port: 5000
    },
    Error: connect ECONNREFUSED 127.0.0.1:5000
        at createConnectionError (node:net:1678:14)
        at afterConnectMultiple (node:net:1708:16)
        at TCPConnectWrap.callbackTrampoline (node:internal/async_hooks:130:17) {
      errno: -4078,
      code: 'ECONNREFUSED',
      syscall: 'connect',
      address: '127.0.0.1',
      port: 5000
    }
  ]
}
Failed to proxy http://localhost:5000/api/products?page=1&limit=8 AggregateError [ECONNREFUSED]: 
    at internalConnectMultiple (node:net:1134:18)
    at afterConnectMultiple (node:net:1715:7)
    at TCPConnectWrap.callbackTrampoline (node:internal/async_hooks:130:17) {
  code: 'ECONNREFUSED',
  [errors]: [
    Error: connect ECONNREFUSED ::1:5000
        at createConnectionError (node:net:1678:14)
        at afterConnectMultiple (node:net:1708:16)
        at TCPConnectWrap.callbackTrampoline (node:internal/async_hooks:130:17) {
      errno: -4078,
      code: 'ECONNREFUSED',
      syscall: 'connect',
      address: '::1',
      port: 5000
    },
    Error: connect ECONNREFUSED 127.0.0.1:5000
        at createConnectionError (node:net:1678:14)
        at afterConnectMultiple (node:net:1708:16)
        at TCPConnectWrap.callbackTrampoline (node:internal/async_hooks:130:17) {
      errno: -4078,
      code: 'ECONNREFUSED',
      syscall: 'connect',
      address: '127.0.0.1',
      port: 5000
    }
  ]
}
AggregateError [ECONNREFUSED]: 
    at internalConnectMultiple (node:net:1134:18)
    at afterConnectMultiple (node:net:1715:7)
    at TCPConnectWrap.callbackTrampoline (node:internal/async_hooks:130:17) {
  code: 'ECONNREFUSED',
  [errors]: [
    Error: connect ECONNREFUSED ::1:5000
        at createConnectionError (node:net:1678:14)
        at afterConnectMultiple (node:net:1708:16)
        at TCPConnectWrap.callbackTrampoline (node:internal/async_hooks:130:17) {
      errno: -4078,
      code: 'ECONNREFUSED',
      syscall: 'connect',
      address: '::1',
      port: 5000
    },
    Error: connect ECONNREFUSED 127.0.0.1:5000
        at createConnectionError (node:net:1678:14)
        at afterConnectMultiple (node:net:1708:16)
        at TCPConnectWrap.callbackTrampoline (node:internal/async_hooks:130:17) {
      errno: -4078,
      code: 'ECONNREFUSED',
      syscall: 'connect',
      address: '127.0.0.1',
      port: 5000
    }
  ]
}
 ○ Compiling /_error ...
 ✓ Compiled /_error in 2.7s (1915 modules)
 ✓ Compiled in 1035ms (1011 modules)
 ✓ Compiled in 1360ms (1010 modules)
 ✓ Compiled in 753ms (1010 modules)
 ✓ Compiled in 870ms (1010 modules)
 ✓ Compiled in 1401ms (1010 modules)
 ✓ Compiled in 878ms (1010 modules)
 ✓ Compiled in 999ms (1010 modules)
 ✓ Compiled in 691ms (1010 modules)
 ○ Compiling /api/notifications ...
Failed to proxy http://localhost:5000/api/products?limit=6 AggregateError [ECONNREFUSED]: 
    at internalConnectMultiple (node:net:1134:18)
    at afterConnectMultiple (node:net:1715:7)
    at TCPConnectWrap.callbackTrampoline (node:internal/async_hooks:130:17) {
  code: 'ECONNREFUSED',
  [errors]: [
    Error: connect ECONNREFUSED ::1:5000
        at createConnectionError (node:net:1678:14)
        at afterConnectMultiple (node:net:1708:16)
        at TCPConnectWrap.callbackTrampoline (node:internal/async_hooks:130:17) {
      errno: -4078,
      code: 'ECONNREFUSED',
      syscall: 'connect',
      address: '::1',
      port: 5000
    },
    Error: connect ECONNREFUSED 127.0.0.1:5000
        at createConnectionError (node:net:1678:14)
        at afterConnectMultiple (node:net:1708:16)
        at TCPConnectWrap.callbackTrampoline (node:internal/async_hooks:130:17) {
      errno: -4078,
      code: 'ECONNREFUSED',
      syscall: 'connect',
      address: '127.0.0.1',
      port: 5000
    }
  ]
}
AggregateError [ECONNREFUSED]: 
    at internalConnectMultiple (node:net:1134:18)
    at afterConnectMultiple (node:net:1715:7)
    at TCPConnectWrap.callbackTrampoline (node:internal/async_hooks:130:17) {
  code: 'ECONNREFUSED',
  [errors]: [
    Error: connect ECONNREFUSED ::1:5000
        at createConnectionError (node:net:1678:14)
        at afterConnectMultiple (node:net:1708:16)
        at TCPConnectWrap.callbackTrampoline (node:internal/async_hooks:130:17) {
      errno: -4078,
      code: 'ECONNREFUSED',
      syscall: 'connect',
      address: '::1',
      port: 5000
    },
    Error: connect ECONNREFUSED 127.0.0.1:5000
        at createConnectionError (node:net:1678:14)
        at afterConnectMultiple (node:net:1708:16)
        at TCPConnectWrap.callbackTrampoline (node:internal/async_hooks:130:17) {
      errno: -4078,
      code: 'ECONNREFUSED',
      syscall: 'connect',
      address: '127.0.0.1',
      port: 5000
    }
  ]
}
 ✓ Compiled /api/notifications in 613ms (947 modules)
 ○ Compiling /_error ...
 ✓ Compiled /_error in 2.4s (1961 modules)
 ⨯ TypeError: fetch failed
    at node:internal/deps/undici/undici:14976:13
    at process.processTicksAndRejections (node:internal/process/task_queues:103:5)
    at async GET (webpack-internal:///(rsc)/./src/app/api/chats/route.ts:48:22)
    at async C:\Users\KIIT0001\Downloads\hostelhub\client\node_modules\next\dist\compiled\next-server\app-route.runtime.dev.js:6:55038
    at async ek.execute (C:\Users\KIIT0001\Downloads\hostelhub\client\node_modules\next\dist\compiled\next-server\app-route.runtime.dev.js:6:45808)
    at async ek.handle (C:\Users\KIIT0001\Downloads\hostelhub\client\node_modules\next\dist\compiled\next-server\app-route.runtime.dev.js:6:56292)
    at async doRender (C:\Users\KIIT0001\Downloads\hostelhub\client\node_modules\next\dist\server\base-server.js:1377:42)
    at async cacheEntry.responseCache.get.routeKind (C:\Users\KIIT0001\Downloads\hostelhub\client\node_modules\next\dist\server\base-server.js:1599:28)
    at async DevServer.renderToResponseWithComponentsImpl (C:\Users\KIIT0001\Downloads\hostelhub\client\node_modules\next\dist\server\base-server.js:1507:28)
    at async DevServer.renderPageComponent (C:\Users\KIIT0001\Downloads\hostelhub\client\node_modules\next\dist\server\base-server.js:1931:24)
    at async DevServer.renderToResponseImpl (C:\Users\KIIT0001\Downloads\hostelhub\client\node_modules\next\dist\server\base-server.js:1969:32)
    at async DevServer.pipeImpl (C:\Users\KIIT0001\Downloads\hostelhub\client\node_modules\next\dist\server\base-server.js:920:25)
    at async NextNodeServer.handleCatchallRenderRequest (C:\Users\KIIT0001\Downloads\hostelhub\client\node_modules\next\dist\server\next-server.js:272:17)
    at async DevServer.handleRequestImpl (C:\Users\KIIT0001\Downloads\hostelhub\client\node_modules\next\dist\server\base-server.js:816:17)
    at async C:\Users\KIIT0001\Downloads\hostelhub\client\node_modules\next\dist\server\dev\next-dev-server.js:339:20
    at async Span.traceAsyncFn (C:\Users\KIIT0001\Downloads\hostelhub\client\node_modules\next\dist\trace\trace.js:154:20)
    at async DevServer.handleRequest (C:\Users\KIIT0001\Downloads\hostelhub\client\node_modules\next\dist\server\dev\next-dev-server.js:336:24)
    at async invokeRender (C:\Users\KIIT0001\Downloads\hostelhub\client\node_modules\next\dist\server\lib\router-server.js:174:21)
    at async handleRequest (C:\Users\KIIT0001\Downloads\hostelhub\client\node_modules\next\dist\server\lib\router-server.js:353:24)
    at async requestHandlerImpl (C:\Users\KIIT0001\Downloads\hostelhub\client\node_modules\next\dist\server\lib\router-server.js:377:13)
    at async Server.requestListener (C:\Users\KIIT0001\Downloads\hostelhub\client\node_modules\next\dist\server\lib\start-server.js:141:13) {
  [cause]: AggregateError [ECONNREFUSED]: 
      at internalConnectMultiple (node:net:1134:18)
      at afterConnectMultiple (node:net:1715:7)
      at TCPConnectWrap.callbackTrampoline (node:internal/async_hooks:130:17) {
    code: 'ECONNREFUSED',
    [errors]: [ [Error], [Error] ]
  }
}
 GET /api/chats 500 in 3342ms
 ⨯ TypeError: fetch failed
    at node:internal/deps/undici/undici:14976:13
    at process.processTicksAndRejections (node:internal/process/task_queues:103:5)
    at async GET (webpack-internal:///(rsc)/./src/app/api/notifications/route.ts:47:22)
    at async C:\Users\KIIT0001\Downloads\hostelhub\client\node_modules\next\dist\compiled\next-server\app-route.runtime.dev.js:6:55038
    at async ek.execute (C:\Users\KIIT0001\Downloads\hostelhub\client\node_modules\next\dist\compiled\next-server\app-route.runtime.dev.js:6:45808)
    at async ek.handle (C:\Users\KIIT0001\Downloads\hostelhub\client\node_modules\next\dist\compiled\next-server\app-route.runtime.dev.js:6:56292)
    at async doRender (C:\Users\KIIT0001\Downloads\hostelhub\client\node_modules\next\dist\server\base-server.js:1377:42)
    at async cacheEntry.responseCache.get.routeKind (C:\Users\KIIT0001\Downloads\hostelhub\client\node_modules\next\dist\server\base-server.js:1599:28)
    at async DevServer.renderToResponseWithComponentsImpl (C:\Users\KIIT0001\Downloads\hostelhub\client\node_modules\next\dist\server\base-server.js:1507:28)
    at async DevServer.renderPageComponent (C:\Users\KIIT0001\Downloads\hostelhub\client\node_modules\next\dist\server\base-server.js:1931:24)
    at async DevServer.renderToResponseImpl (C:\Users\KIIT0001\Downloads\hostelhub\client\node_modules\next\dist\server\base-server.js:1969:32)
    at async DevServer.pipeImpl (C:\Users\KIIT0001\Downloads\hostelhub\client\node_modules\next\dist\server\base-server.js:920:25)
    at async NextNodeServer.handleCatchallRenderRequest (C:\Users\KIIT0001\Downloads\hostelhub\client\node_modules\next\dist\server\next-server.js:272:17)
    at async DevServer.handleRequestImpl (C:\Users\KIIT0001\Downloads\hostelhub\client\node_modules\next\dist\server\base-server.js:816:17)
    at async C:\Users\KIIT0001\Downloads\hostelhub\client\node_modules\next\dist\server\dev\next-dev-server.js:339:20
    at async Span.traceAsyncFn (C:\Users\KIIT0001\Downloads\hostelhub\client\node_modules\next\dist\trace\trace.js:154:20)
    at async DevServer.handleRequest (C:\Users\KIIT0001\Downloads\hostelhub\client\node_modules\next\dist\server\dev\next-dev-server.js:336:24)
    at async invokeRender (C:\Users\KIIT0001\Downloads\hostelhub\client\node_modules\next\dist\server\lib\router-server.js:174:21)
    at async handleRequest (C:\Users\KIIT0001\Downloads\hostelhub\client\node_modules\next\dist\server\lib\router-server.js:353:24)
    at async requestHandlerImpl (C:\Users\KIIT0001\Downloads\hostelhub\client\node_modules\next\dist\server\lib\router-server.js:377:13)
    at async Server.requestListener (C:\Users\KIIT0001\Downloads\hostelhub\client\node_modules\next\dist\server\lib\start-server.js:141:13) {
  [cause]: AggregateError [ECONNREFUSED]: 
      at internalConnectMultiple (node:net:1134:18)
      at afterConnectMultiple (node:net:1715:7)
      at TCPConnectWrap.callbackTrampoline (node:internal/async_hooks:130:17) {
    code: 'ECONNREFUSED',
    [errors]: [ [Error], [Error] ]
  }
}
 GET /api/notifications?page=1&limit=20 500 in 3295ms
Failed to proxy http://localhost:5000/api/products/trending AggregateError [ECONNREFUSED]: 
    at internalConnectMultiple (node:net:1134:18)
    at afterConnectMultiple (node:net:1715:7)
    at TCPConnectWrap.callbackTrampoline (node:internal/async_hooks:130:17) {
  code: 'ECONNREFUSED',
  [errors]: [
    Error: connect ECONNREFUSED ::1:5000
        at createConnectionError (node:net:1678:14)
        at afterConnectMultiple (node:net:1708:16)
        at TCPConnectWrap.callbackTrampoline (node:internal/async_hooks:130:17) {
      errno: -4078,
      code: 'ECONNREFUSED',
      syscall: 'connect',
      address: '::1',
      port: 5000
    },
    Error: connect ECONNREFUSED 127.0.0.1:5000
        at createConnectionError (node:net:1678:14)
        at afterConnectMultiple (node:net:1708:16)
        at TCPConnectWrap.callbackTrampoline (node:internal/async_hooks:130:17) {
      errno: -4078,
      code: 'ECONNREFUSED',
      syscall: 'connect',
      address: '127.0.0.1',
      port: 5000
    }
  ]
}
AggregateError [ECONNREFUSED]: 
    at internalConnectMultiple (node:net:1134:18)
    at afterConnectMultiple (node:net:1715:7)
    at TCPConnectWrap.callbackTrampoline (node:internal/async_hooks:130:17) {
  code: 'ECONNREFUSED',
  [errors]: [
    Error: connect ECONNREFUSED ::1:5000
        at createConnectionError (node:net:1678:14)
        at afterConnectMultiple (node:net:1708:16)
        at TCPConnectWrap.callbackTrampoline (node:internal/async_hooks:130:17) {
      errno: -4078,
      code: 'ECONNREFUSED',
      syscall: 'connect',
      address: '::1',
      port: 5000
    },
    Error: connect ECONNREFUSED 127.0.0.1:5000
        at createConnectionError (node:net:1678:14)
        at afterConnectMultiple (node:net:1708:16)
        at TCPConnectWrap.callbackTrampoline (node:internal/async_hooks:130:17) {
      errno: -4078,
      code: 'ECONNREFUSED',
      syscall: 'connect',
      address: '127.0.0.1',
      port: 5000
    }
  ]
}
Failed to proxy http://localhost:5000/api/products?page=1&limit=8 AggregateError [ECONNREFUSED]: 
    at internalConnectMultiple (node:net:1134:18)
    at afterConnectMultiple (node:net:1715:7)
    at TCPConnectWrap.callbackTrampoline (node:internal/async_hooks:130:17) {
  code: 'ECONNREFUSED',
  [errors]: [
    Error: connect ECONNREFUSED ::1:5000
        at createConnectionError (node:net:1678:14)
        at afterConnectMultiple (node:net:1708:16)
        at TCPConnectWrap.callbackTrampoline (node:internal/async_hooks:130:17) {
      errno: -4078,
      code: 'ECONNREFUSED',
      syscall: 'connect',
      address: '::1',
      port: 5000
    },
    Error: connect ECONNREFUSED 127.0.0.1:5000
        at createConnectionError (node:net:1678:14)
        at afterConnectMultiple (node:net:1708:16)
        at TCPConnectWrap.callbackTrampoline (node:internal/async_hooks:130:17) {
      errno: -4078,
      code: 'ECONNREFUSED',
      syscall: 'connect',
      address: '127.0.0.1',
      port: 5000
    }
  ]
}
AggregateError [ECONNREFUSED]: 
    at internalConnectMultiple (node:net:1134:18)
    at afterConnectMultiple (node:net:1715:7)
    at TCPConnectWrap.callbackTrampoline (node:internal/async_hooks:130:17) {
  code: 'ECONNREFUSED',
  [errors]: [
    Error: connect ECONNREFUSED ::1:5000
        at createConnectionError (node:net:1678:14)
        at afterConnectMultiple (node:net:1708:16)
        at TCPConnectWrap.callbackTrampoline (node:internal/async_hooks:130:17) {
      errno: -4078,
      code: 'ECONNREFUSED',
      syscall: 'connect',
      address: '::1',
      port: 5000
    },
    Error: connect ECONNREFUSED 127.0.0.1:5000
        at createConnectionError (node:net:1678:14)
        at afterConnectMultiple (node:net:1708:16)
        at TCPConnectWrap.callbackTrampoline (node:internal/async_hooks:130:17) {
      errno: -4078,
      code: 'ECONNREFUSED',
      syscall: 'connect',
      address: '127.0.0.1',
      port: 5000
    }
  ]
}
Failed to proxy http://localhost:5000/api/products?limit=6 AggregateError [ECONNREFUSED]: 
    at internalConnectMultiple (node:net:1134:18)
    at afterConnectMultiple (node:net:1715:7)
    at TCPConnectWrap.callbackTrampoline (node:internal/async_hooks:130:17) {
  code: 'ECONNREFUSED',
  [errors]: [
    Error: connect ECONNREFUSED ::1:5000
        at createConnectionError (node:net:1678:14)
        at afterConnectMultiple (node:net:1708:16)
        at TCPConnectWrap.callbackTrampoline (node:internal/async_hooks:130:17) {
      errno: -4078,
      code: 'ECONNREFUSED',
      syscall: 'connect',
      address: '::1',
      port: 5000
    },
    Error: connect ECONNREFUSED 127.0.0.1:5000
        at createConnectionError (node:net:1678:14)
        at afterConnectMultiple (node:net:1708:16)
        at TCPConnectWrap.callbackTrampoline (node:internal/async_hooks:130:17) {
      errno: -4078,
      code: 'ECONNREFUSED',
      syscall: 'connect',
      address: '127.0.0.1',
      port: 5000
    }
  ]
}
AggregateError [ECONNREFUSED]: 
    at internalConnectMultiple (node:net:1134:18)
    at afterConnectMultiple (node:net:1715:7)
    at TCPConnectWrap.callbackTrampoline (node:internal/async_hooks:130:17) {
  code: 'ECONNREFUSED',
  [errors]: [
    Error: connect ECONNREFUSED ::1:5000
        at createConnectionError (node:net:1678:14)
        at afterConnectMultiple (node:net:1708:16)
        at TCPConnectWrap.callbackTrampoline (node:internal/async_hooks:130:17) {
      errno: -4078,
      code: 'ECONNREFUSED',
      syscall: 'connect',
      address: '::1',
      port: 5000
    },
    Error: connect ECONNREFUSED 127.0.0.1:5000
        at createConnectionError (node:net:1678:14)
        at afterConnectMultiple (node:net:1708:16)
        at TCPConnectWrap.callbackTrampoline (node:internal/async_hooks:130:17) {
      errno: -4078,
      code: 'ECONNREFUSED',
      syscall: 'connect',
      address: '127.0.0.1',
      port: 5000
    }
  ]
}
 ⨯ TypeError: fetch failed
    at node:internal/deps/undici/undici:14976:13
    at process.processTicksAndRejections (node:internal/process/task_queues:103:5)
    at async GET (webpack-internal:///(rsc)/./src/app/api/chats/route.ts:48:22)
    at async C:\Users\KIIT0001\Downloads\hostelhub\client\node_modules\next\dist\compiled\next-server\app-route.runtime.dev.js:6:55038
    at async ek.execute (C:\Users\KIIT0001\Downloads\hostelhub\client\node_modules\next\dist\compiled\next-server\app-route.runtime.dev.js:6:45808)
    at async ek.handle (C:\Users\KIIT0001\Downloads\hostelhub\client\node_modules\next\dist\compiled\next-server\app-route.runtime.dev.js:6:56292)
    at async doRender (C:\Users\KIIT0001\Downloads\hostelhub\client\node_modules\next\dist\server\base-server.js:1377:42)
    at async cacheEntry.responseCache.get.routeKind (C:\Users\KIIT0001\Downloads\hostelhub\client\node_modules\next\dist\server\base-server.js:1599:28)
    at async DevServer.renderToResponseWithComponentsImpl (C:\Users\KIIT0001\Downloads\hostelhub\client\node_modules\next\dist\server\base-server.js:1507:28)
    at async DevServer.renderPageComponent (C:\Users\KIIT0001\Downloads\hostelhub\client\node_modules\next\dist\server\base-server.js:1931:24)
    at async DevServer.renderToResponseImpl (C:\Users\KIIT0001\Downloads\hostelhub\client\node_modules\next\dist\server\base-server.js:1969:32)
    at async DevServer.pipeImpl (C:\Users\KIIT0001\Downloads\hostelhub\client\node_modules\next\dist\server\base-server.js:920:25)
    at async NextNodeServer.handleCatchallRenderRequest (C:\Users\KIIT0001\Downloads\hostelhub\client\node_modules\next\dist\server\next-server.js:272:17)
    at async DevServer.handleRequestImpl (C:\Users\KIIT0001\Downloads\hostelhub\client\node_modules\next\dist\server\base-server.js:816:17)
    at async C:\Users\KIIT0001\Downloads\hostelhub\client\node_modules\next\dist\server\dev\next-dev-server.js:339:20
    at async Span.traceAsyncFn (C:\Users\KIIT0001\Downloads\hostelhub\client\node_modules\next\dist\trace\trace.js:154:20)
    at async DevServer.handleRequest (C:\Users\KIIT0001\Downloads\hostelhub\client\node_modules\next\dist\server\dev\next-dev-server.js:336:24)
    at async invokeRender (C:\Users\KIIT0001\Downloads\hostelhub\client\node_modules\next\dist\server\lib\router-server.js:174:21)
    at async handleRequest (C:\Users\KIIT0001\Downloads\hostelhub\client\node_modules\next\dist\server\lib\router-server.js:353:24)
    at async requestHandlerImpl (C:\Users\KIIT0001\Downloads\hostelhub\client\node_modules\next\dist\server\lib\router-server.js:377:13)
    at async Server.requestListener (C:\Users\KIIT0001\Downloads\hostelhub\client\node_modules\next\dist\server\lib\start-server.js:141:13) {
  [cause]: AggregateError [ECONNREFUSED]: 
      at internalConnectMultiple (node:net:1134:18)
      at afterConnectMultiple (node:net:1715:7)
      at TCPConnectWrap.callbackTrampoline (node:internal/async_hooks:130:17) {
    code: 'ECONNREFUSED',
    [errors]: [ [Error], [Error] ]
  }
}
 GET /api/chats 500 in 671ms
 ⨯ TypeError: fetch failed
    at node:internal/deps/undici/undici:14976:13
    at process.processTicksAndRejections (node:internal/process/task_queues:103:5)
    at async GET (webpack-internal:///(rsc)/./src/app/api/notifications/route.ts:47:22)
    at async C:\Users\KIIT0001\Downloads\hostelhub\client\node_modules\next\dist\compiled\next-server\app-route.runtime.dev.js:6:55038
    at async ek.execute (C:\Users\KIIT0001\Downloads\hostelhub\client\node_modules\next\dist\compiled\next-server\app-route.runtime.dev.js:6:45808)
    at async ek.handle (C:\Users\KIIT0001\Downloads\hostelhub\client\node_modules\next\dist\compiled\next-server\app-route.runtime.dev.js:6:56292)
    at async doRender (C:\Users\KIIT0001\Downloads\hostelhub\client\node_modules\next\dist\server\base-server.js:1377:42)
    at async cacheEntry.responseCache.get.routeKind (C:\Users\KIIT0001\Downloads\hostelhub\client\node_modules\next\dist\server\base-server.js:1599:28)
    at async DevServer.renderToResponseWithComponentsImpl (C:\Users\KIIT0001\Downloads\hostelhub\client\node_modules\next\dist\server\base-server.js:1507:28)
    at async DevServer.renderPageComponent (C:\Users\KIIT0001\Downloads\hostelhub\client\node_modules\next\dist\server\base-server.js:1931:24)
    at async DevServer.renderToResponseImpl (C:\Users\KIIT0001\Downloads\hostelhub\client\node_modules\next\dist\server\base-server.js:1969:32)
    at async DevServer.pipeImpl (C:\Users\KIIT0001\Downloads\hostelhub\client\node_modules\next\dist\server\base-server.js:920:25)
    at async NextNodeServer.handleCatchallRenderRequest (C:\Users\KIIT0001\Downloads\hostelhub\client\node_modules\next\dist\server\next-server.js:272:17)
    at async DevServer.handleRequestImpl (C:\Users\KIIT0001\Downloads\hostelhub\client\node_modules\next\dist\server\base-server.js:816:17)
    at async C:\Users\KIIT0001\Downloads\hostelhub\client\node_modules\next\dist\server\dev\next-dev-server.js:339:20
    at async Span.traceAsyncFn (C:\Users\KIIT0001\Downloads\hostelhub\client\node_modules\next\dist\trace\trace.js:154:20)
    at async DevServer.handleRequest (C:\Users\KIIT0001\Downloads\hostelhub\client\node_modules\next\dist\server\dev\next-dev-server.js:336:24)
    at async invokeRender (C:\Users\KIIT0001\Downloads\hostelhub\client\node_modules\next\dist\server\lib\router-server.js:174:21)
    at async handleRequest (C:\Users\KIIT0001\Downloads\hostelhub\client\node_modules\next\dist\server\lib\router-server.js:353:24)
    at async requestHandlerImpl (C:\Users\KIIT0001\Downloads\hostelhub\client\node_modules\next\dist\server\lib\router-server.js:377:13)
    at async Server.requestListener (C:\Users\KIIT0001\Downloads\hostelhub\client\node_modules\next\dist\server\lib\start-server.js:141:13) {
  [cause]: AggregateError [ECONNREFUSED]: 
      at internalConnectMultiple (node:net:1134:18)
      at afterConnectMultiple (node:net:1715:7)
      at TCPConnectWrap.callbackTrampoline (node:internal/async_hooks:130:17) {
    code: 'ECONNREFUSED',
    [errors]: [ [Error], [Error] ]
  }
}
 GET /api/notifications?page=1&limit=20 500 in 752ms
Failed to proxy http://localhost:5000/api/products/trending AggregateError [ECONNREFUSED]: 
    at internalConnectMultiple (node:net:1134:18)
    at afterConnectMultiple (node:net:1715:7)
    at TCPConnectWrap.callbackTrampoline (node:internal/async_hooks:130:17) {
  code: 'ECONNREFUSED',
  [errors]: [
    Error: connect ECONNREFUSED ::1:5000
        at createConnectionError (node:net:1678:14)
        at afterConnectMultiple (node:net:1708:16)
        at TCPConnectWrap.callbackTrampoline (node:internal/async_hooks:130:17) {
      errno: -4078,
      code: 'ECONNREFUSED',
      syscall: 'connect',
      address: '::1',
      port: 5000
    },
    Error: connect ECONNREFUSED 127.0.0.1:5000
        at createConnectionError (node:net:1678:14)
        at afterConnectMultiple (node:net:1708:16)
        at TCPConnectWrap.callbackTrampoline (node:internal/async_hooks:130:17) {
      errno: -4078,
      code: 'ECONNREFUSED',
      syscall: 'connect',
      address: '127.0.0.1',
      port: 5000
    }
  ]
}
AggregateError [ECONNREFUSED]: 
    at internalConnectMultiple (node:net:1134:18)
    at afterConnectMultiple (node:net:1715:7)
    at TCPConnectWrap.callbackTrampoline (node:internal/async_hooks:130:17) {
  code: 'ECONNREFUSED',
  [errors]: [
    Error: connect ECONNREFUSED ::1:5000
        at createConnectionError (node:net:1678:14)
        at afterConnectMultiple (node:net:1708:16)
        at TCPConnectWrap.callbackTrampoline (node:internal/async_hooks:130:17) {
      errno: -4078,
      code: 'ECONNREFUSED',
      syscall: 'connect',
      address: '::1',
      port: 5000
    },
    Error: connect ECONNREFUSED 127.0.0.1:5000
        at createConnectionError (node:net:1678:14)
        at afterConnectMultiple (node:net:1708:16)
        at TCPConnectWrap.callbackTrampoline (node:internal/async_hooks:130:17) {
      errno: -4078,
      code: 'ECONNREFUSED',
      syscall: 'connect',
      address: '127.0.0.1',
      port: 5000
    }
  ]
}
Failed to proxy http://localhost:5000/api/products?page=1&limit=8 AggregateError [ECONNREFUSED]: 
    at internalConnectMultiple (node:net:1134:18)
    at afterConnectMultiple (node:net:1715:7)
    at TCPConnectWrap.callbackTrampoline (node:internal/async_hooks:130:17) {
  code: 'ECONNREFUSED',
  [errors]: [
    Error: connect ECONNREFUSED ::1:5000
        at createConnectionError (node:net:1678:14)
        at afterConnectMultiple (node:net:1708:16)
        at TCPConnectWrap.callbackTrampoline (node:internal/async_hooks:130:17) {
      errno: -4078,
      code: 'ECONNREFUSED',
      syscall: 'connect',
      address: '::1',
      port: 5000
    },
    Error: connect ECONNREFUSED 127.0.0.1:5000
        at createConnectionError (node:net:1678:14)
        at afterConnectMultiple (node:net:1708:16)
        at TCPConnectWrap.callbackTrampoline (node:internal/async_hooks:130:17) {
      errno: -4078,
      code: 'ECONNREFUSED',
      syscall: 'connect',
      address: '127.0.0.1',
      port: 5000
    }
  ]
}
AggregateError [ECONNREFUSED]: 
    at internalConnectMultiple (node:net:1134:18)
    at afterConnectMultiple (node:net:1715:7)
    at TCPConnectWrap.callbackTrampoline (node:internal/async_hooks:130:17) {
  code: 'ECONNREFUSED',
  [errors]: [
    Error: connect ECONNREFUSED ::1:5000
        at createConnectionError (node:net:1678:14)
        at afterConnectMultiple (node:net:1708:16)
        at TCPConnectWrap.callbackTrampoline (node:internal/async_hooks:130:17) {
      errno: -4078,
      code: 'ECONNREFUSED',
      syscall: 'connect',
      address: '::1',
      port: 5000
    },
    Error: connect ECONNREFUSED 127.0.0.1:5000
        at createConnectionError (node:net:1678:14)
        at afterConnectMultiple (node:net:1708:16)
        at TCPConnectWrap.callbackTrampoline (node:internal/async_hooks:130:17) {
      errno: -4078,
      code: 'ECONNREFUSED',
      syscall: 'connect',
      address: '127.0.0.1',
      port: 5000
    }
  ]
}
Failed to proxy http://localhost:5000/api/products?limit=6 AggregateError [ECONNREFUSED]: 
    at internalConnectMultiple (node:net:1134:18)
    at afterConnectMultiple (node:net:1715:7)
    at TCPConnectWrap.callbackTrampoline (node:internal/async_hooks:130:17) {
  code: 'ECONNREFUSED',
  [errors]: [
    Error: connect ECONNREFUSED ::1:5000
        at createConnectionError (node:net:1678:14)
        at afterConnectMultiple (node:net:1708:16)
        at TCPConnectWrap.callbackTrampoline (node:internal/async_hooks:130:17) {
      errno: -4078,
      code: 'ECONNREFUSED',
      syscall: 'connect',
      address: '::1',
      port: 5000
    },
    Error: connect ECONNREFUSED 127.0.0.1:5000
        at createConnectionError (node:net:1678:14)
        at afterConnectMultiple (node:net:1708:16)
        at TCPConnectWrap.callbackTrampoline (node:internal/async_hooks:130:17) {
      errno: -4078,
      code: 'ECONNREFUSED',
      syscall: 'connect',
      address: '127.0.0.1',
      port: 5000
    }
  ]
}
AggregateError [ECONNREFUSED]: 
    at internalConnectMultiple (node:net:1134:18)
    at afterConnectMultiple (node:net:1715:7)
    at TCPConnectWrap.callbackTrampoline (node:internal/async_hooks:130:17) {
  code: 'ECONNREFUSED',
  [errors]: [
    Error: connect ECONNREFUSED ::1:5000
        at createConnectionError (node:net:1678:14)
        at afterConnectMultiple (node:net:1708:16)
        at TCPConnectWrap.callbackTrampoline (node:internal/async_hooks:130:17) {
      errno: -4078,
      code: 'ECONNREFUSED',
      syscall: 'connect',
      address: '::1',
      port: 5000
    },
    Error: connect ECONNREFUSED 127.0.0.1:5000
        at createConnectionError (node:net:1678:14)
        at afterConnectMultiple (node:net:1708:16)
        at TCPConnectWrap.callbackTrampoline (node:internal/async_hooks:130:17) {
      errno: -4078,
      code: 'ECONNREFUSED',
      syscall: 'connect',
      address: '127.0.0.1',
      port: 5000
    }
  ]
}
 ⨯ TypeError: fetch failed
    at node:internal/deps/undici/undici:14976:13
    at process.processTicksAndRejections (node:internal/process/task_queues:103:5)
    at async GET (webpack-internal:///(rsc)/./src/app/api/chats/route.ts:48:22)
    at async C:\Users\KIIT0001\Downloads\hostelhub\client\node_modules\next\dist\compiled\next-server\app-route.runtime.dev.js:6:55038
    at async ek.execute (C:\Users\KIIT0001\Downloads\hostelhub\client\node_modules\next\dist\compiled\next-server\app-route.runtime.dev.js:6:45808)
    at async ek.handle (C:\Users\KIIT0001\Downloads\hostelhub\client\node_modules\next\dist\compiled\next-server\app-route.runtime.dev.js:6:56292)
    at async doRender (C:\Users\KIIT0001\Downloads\hostelhub\client\node_modules\next\dist\server\base-server.js:1377:42)
    at async cacheEntry.responseCache.get.routeKind (C:\Users\KIIT0001\Downloads\hostelhub\client\node_modules\next\dist\server\base-server.js:1599:28)
    at async DevServer.renderToResponseWithComponentsImpl (C:\Users\KIIT0001\Downloads\hostelhub\client\node_modules\next\dist\server\base-server.js:1507:28)
    at async DevServer.renderPageComponent (C:\Users\KIIT0001\Downloads\hostelhub\client\node_modules\next\dist\server\base-server.js:1931:24)
    at async DevServer.renderToResponseImpl (C:\Users\KIIT0001\Downloads\hostelhub\client\node_modules\next\dist\server\base-server.js:1969:32)
    at async DevServer.pipeImpl (C:\Users\KIIT0001\Downloads\hostelhub\client\node_modules\next\dist\server\base-server.js:920:25)
    at async NextNodeServer.handleCatchallRenderRequest (C:\Users\KIIT0001\Downloads\hostelhub\client\node_modules\next\dist\server\next-server.js:272:17)
    at async DevServer.handleRequestImpl (C:\Users\KIIT0001\Downloads\hostelhub\client\node_modules\next\dist\server\base-server.js:816:17)
    at async C:\Users\KIIT0001\Downloads\hostelhub\client\node_modules\next\dist\server\dev\next-dev-server.js:339:20
    at async Span.traceAsyncFn (C:\Users\KIIT0001\Downloads\hostelhub\client\node_modules\next\dist\trace\trace.js:154:20)
    at async DevServer.handleRequest (C:\Users\KIIT0001\Downloads\hostelhub\client\node_modules\next\dist\server\dev\next-dev-server.js:336:24)
    at async invokeRender (C:\Users\KIIT0001\Downloads\hostelhub\client\node_modules\next\dist\server\lib\router-server.js:174:21)
    at async handleRequest (C:\Users\KIIT0001\Downloads\hostelhub\client\node_modules\next\dist\server\lib\router-server.js:353:24)
    at async requestHandlerImpl (C:\Users\KIIT0001\Downloads\hostelhub\client\node_modules\next\dist\server\lib\router-server.js:377:13)
    at async Server.requestListener (C:\Users\KIIT0001\Downloads\hostelhub\client\node_modules\next\dist\server\lib\start-server.js:141:13) {
  [cause]: AggregateError [ECONNREFUSED]: 
      at internalConnectMultiple (node:net:1134:18)
      at afterConnectMultiple (node:net:1715:7)
      at TCPConnectWrap.callbackTrampoline (node:internal/async_hooks:130:17) {
    code: 'ECONNREFUSED',
    [errors]: [ [Error], [Error] ]
  }
}
 GET /api/chats 500 in 102ms
 ⨯ TypeError: fetch failed
    at node:internal/deps/undici/undici:14976:13
    at process.processTicksAndRejections (node:internal/process/task_queues:103:5)
    at async GET (webpack-internal:///(rsc)/./src/app/api/notifications/route.ts:47:22)
    at async C:\Users\KIIT0001\Downloads\hostelhub\client\node_modules\next\dist\compiled\next-server\app-route.runtime.dev.js:6:55038
    at async ek.execute (C:\Users\KIIT0001\Downloads\hostelhub\client\node_modules\next\dist\compiled\next-server\app-route.runtime.dev.js:6:45808)
    at async ek.handle (C:\Users\KIIT0001\Downloads\hostelhub\client\node_modules\next\dist\compiled\next-server\app-route.runtime.dev.js:6:56292)
    at async doRender (C:\Users\KIIT0001\Downloads\hostelhub\client\node_modules\next\dist\server\base-server.js:1377:42)
    at async cacheEntry.responseCache.get.routeKind (C:\Users\KIIT0001\Downloads\hostelhub\client\node_modules\next\dist\server\base-server.js:1599:28)
    at async DevServer.renderToResponseWithComponentsImpl (C:\Users\KIIT0001\Downloads\hostelhub\client\node_modules\next\dist\server\base-server.js:1507:28)
    at async DevServer.renderPageComponent (C:\Users\KIIT0001\Downloads\hostelhub\client\node_modules\next\dist\server\base-server.js:1931:24)
    at async DevServer.renderToResponseImpl (C:\Users\KIIT0001\Downloads\hostelhub\client\node_modules\next\dist\server\base-server.js:1969:32)
    at async DevServer.pipeImpl (C:\Users\KIIT0001\Downloads\hostelhub\client\node_modules\next\dist\server\base-server.js:920:25)
    at async NextNodeServer.handleCatchallRenderRequest (C:\Users\KIIT0001\Downloads\hostelhub\client\node_modules\next\dist\server\next-server.js:272:17)
    at async DevServer.handleRequestImpl (C:\Users\KIIT0001\Downloads\hostelhub\client\node_modules\next\dist\server\base-server.js:816:17)
    at async C:\Users\KIIT0001\Downloads\hostelhub\client\node_modules\next\dist\server\dev\next-dev-server.js:339:20
    at async Span.traceAsyncFn (C:\Users\KIIT0001\Downloads\hostelhub\client\node_modules\next\dist\trace\trace.js:154:20)
    at async DevServer.handleRequest (C:\Users\KIIT0001\Downloads\hostelhub\client\node_modules\next\dist\server\dev\next-dev-server.js:336:24)
    at async invokeRender (C:\Users\KIIT0001\Downloads\hostelhub\client\node_modules\next\dist\server\lib\router-server.js:174:21)
    at async handleRequest (C:\Users\KIIT0001\Downloads\hostelhub\client\node_modules\next\dist\server\lib\router-server.js:353:24)
    at async requestHandlerImpl (C:\Users\KIIT0001\Downloads\hostelhub\client\node_modules\next\dist\server\lib\router-server.js:377:13)
    at async Server.requestListener (C:\Users\KIIT0001\Downloads\hostelhub\client\node_modules\next\dist\server\lib\start-server.js:141:13) {
  [cause]: AggregateError [ECONNREFUSED]: 
      at internalConnectMultiple (node:net:1134:18)
      at afterConnectMultiple (node:net:1715:7)
      at TCPConnectWrap.callbackTrampoline (node:internal/async_hooks:130:17) {
    code: 'ECONNREFUSED',
    [errors]: [ [Error], [Error] ]
  }
}
 GET /api/notifications?page=1&limit=20 500 in 118ms
 ✓ Compiled in 945ms (1011 modules)
 ✓ Compiled in 746ms (1011 modules)
 ✓ Compiled in 1088ms (1010 modules)
 ✓ Compiled in 645ms (1010 modules)
 ✓ Compiled in 591ms (1010 modules)
 ✓ Compiled in 828ms (1010 modules)
 ✓ Compiled in 722ms (1010 modules)
 ✓ Compiled in 691ms (1010 modules)
 ✓ Compiled in 656ms (1010 modules)
 ✓ Compiled in 722ms (1010 modules)
 ✓ Compiled in 1171ms (1010 modules)
 ✓ Compiled in 798ms (1010 modules)
 GET / 200 in 525ms
 GET / 200 in 129ms
 ○ Compiling /product/[id] ...
 ✓ Compiled /api/chats in 4.1s (1981 modules)
 GET /api/chats 200 in 3769ms
 GET /api/notifications?page=1&limit=20 200 in 3777ms
 GET /product/6a5b9331a429e1bf8e7b8791 200 in 5635ms
 GET /api/chats 200 in 161ms
 GET /api/notifications?page=1&limit=20 200 in 651ms
 ✓ Compiled /seller/[id] in 417ms (1968 modules)
 GET / 200 in 106ms
 GET /product/6a5b9331a429e1bf8e7b8791 200 in 87ms
 GET /api/chats 200 in 181ms
 GET /api/notifications?page=1&limit=20 200 in 188ms
 GET / 200 in 74ms
 GET /product/6a5b9331a429e1bf8e7b8791 200 in 63ms
 GET /api/chats 200 in 160ms
 GET /api/notifications?page=1&limit=20 200 in 183ms
 ○ Compiling /sell ...
 ✓ Compiled /sell in 1070ms (964 modules)
 ✓ Compiled in 1061ms (1941 modules)
 ✓ Compiled in 360ms (1021 modules)
 ✓ Compiled in 282ms (1021 modules)
 ✓ Compiled in 275ms (1021 modules)
 GET / 200 in 311ms
 ○ Compiling /api/notifications ...
 ✓ Compiled /api/notifications in 659ms (950 modules)
 ✓ Compiled (952 modules)
 GET /api/chats 200 in 1542ms
 GET /api/notifications?page=1&limit=20 200 in 1578ms
 GET / 200 in 154ms
 ✓ Compiled /sell in 429ms (932 modules)
 GET /sell?edit=6a5b9331a429e1bf8e7b8791 200 in 755ms
 ✓ Compiled /api/notifications in 414ms (962 modules)
 ✓ Compiled (964 modules)
 GET /api/notifications?page=1&limit=20 200 in 167ms
 GET /api/chats 200 in 163ms
 GET / 200 in 85ms
 GET /product/6a5b9331a429e1bf8e7b8791 200 in 131ms
 GET /api/notifications?page=1&limit=20 200 in 149ms
 GET /api/chats 200 in 157ms
 ○ Compiling /_not-found ...
 ✓ Compiled /_not-found in 2.9s (1961 modules)
 GET /.well-known/appspecific/com.chrome.devtools.json 404 in 3487ms
 GET /_next/static/chunks/app/LayoutGroupContext.mjs.map 404 in 2774ms
 GET /_next/static/chunks/app/LayoutGroupContext.mjs.map 404 in 67ms
 ⨯ ./src/app/sell/page.tsx
Error: 
  [31mx[0m Unexpected token `div`. Expected jsx identifier
     ,-[[36;1;4mC:\Users\KIIT0001\Downloads\hostelhub\client\src\app\sell\page.tsx[0m:286:1]
 [2m286[0m |   }
 [2m287[0m | 
 [2m288[0m |   return (
 [2m289[0m |     <div className="min-h-screen bg-[#0D0D1A] py-8 px-4">
     : [31;1m     ^^^[0m
 [2m290[0m |         <div className="max-w-2xl mx-auto">
 [2m291[0m | 
 [2m292[0m |           {/* Header */}
     `----

Caused by:
    Syntax Error

Import trace for requested module:
./src/app/sell/page.tsx
 ✓ Compiled in 1355ms (1938 modules)
 ✓ Compiled in 450ms (1938 modules)
 GET / 200 in 164ms
 GET /product/6a5b9331a429e1bf8e7b8791 200 in 79ms
 ✓ Compiled /api/chats in 206ms (948 modules)
 ✓ Compiled (950 modules)
 GET /api/notifications?page=1&limit=20 200 in 731ms
 GET /api/chats 200 in 728ms
 GET / 200 in 131ms
 GET /sell?edit=6a5b9331a429e1bf8e7b8791 200 in 68ms
 GET /api/chats 200 in 162ms
 GET /api/notifications?page=1&limit=20 200 in 522ms
 GET / 200 in 56ms
 GET /product/6a5b9331a429e1bf8e7b8791 200 in 129ms
 GET /api/chats 200 in 155ms
 GET /api/notifications?page=1&limit=20 200 in 177ms
 GET / 200 in 65ms
 GET /product/6a5b9331a429e1bf8e7b8791 200 in 92ms
 GET /api/chats 200 in 170ms
 GET /api/notifications?page=1&limit=20 200 in 183ms
 GET /api/notifications?page=1&limit=20 200 in 188ms
 ○ Compiling /selling-history ...
 ✓ Compiled /selling-history in 700ms (955 modules)
 ✓ Compiled in 690ms (1020 modules)
 ✓ Compiled in 367ms (1020 modules)
 ✓ Compiled in 410ms (1020 modules)
 ✓ Compiled in 304ms (1020 modules)
 ✓ Compiled in 321ms (1020 modules)
 ✓ Compiled in 880ms (1020 modules)
 ✓ Compiled in 1245ms (1020 modules)
 ✓ Compiled in 342ms (1020 modules)
 ✓ Compiled in 343ms (1020 modules)
 ✓ Compiled in 395ms (1020 modules)
 ✓ Compiled in 397ms (1020 modules)
 ✓ Compiled in 344ms (1020 modules)
 GET /api/notifications?page=1&limit=20 200 in 450ms
 ○ Compiling /_not-found ...
 ✓ Compiled /_not-found in 1321ms (1957 modules)
 GET /_next/static/chunks/app/sell/LayoutGroupContext.mjs.map 404 in 1737ms
 GET /api/notifications?page=1&limit=20 200 in 208ms
 GET /sell 200 in 125ms
 GET /.well-known/appspecific/com.chrome.devtools.json 404 in 117ms
 GET /_next/static/chunks/app/sell/LayoutGroupContext.mjs.map 404 in 42ms
 GET /_next/static/chunks/app/LayoutGroupContext.mjs.map 404 in 52ms
 GET /api/notifications?page=1&limit=20 200 in 215ms
 ✓ Compiled /api/chats in 491ms (951 modules)
 GET /api/chats 200 in 739ms
 ○ Compiling /polls ...
 ✓ Compiled /polls in 988ms (960 modules)
 ○ Compiling /api/polls ...
 ✓ Compiled /api/polls in 629ms (963 modules)
 ✓ Compiled (965 modules)
 GET /api/hostels 200 in 1135ms
 GET /api/polls 200 in 1173ms
 GET /_next/static/chunks/app/LayoutGroupContext.mjs.map 404 in 308ms
 GET / 200 in 67ms
 ○ Compiling /polls/[id] ...
 ✓ Compiled /polls/[id] in 2s (1936 modules)
 GET /polls/6a5b9948387ad5ed6d3804a0 200 in 3433ms
 ○ Compiling /api/chats ...
 ✓ Compiled /api/chats in 583ms (957 modules)
 ✓ Compiled (959 modules)
 GET /api/notifications?page=1&limit=20 200 in 1496ms
 GET /api/chats 200 in 1499ms
 GET / 200 in 98ms
 GET /polls/6a5b9948387ad5ed6d3804a0 200 in 71ms
 GET /api/chats 200 in 189ms
 GET /api/notifications?page=1&limit=20 200 in 657ms
 ○ Compiling /api/polls ...
 ✓ Compiled /api/polls in 539ms (946 modules)
 GET /api/polls 200 in 725ms
 ⚠ Found a change in next.config.js. Restarting the server to apply the changes...
  ▲ Next.js 14.2.5
  - Local:        http://localhost:3000
  - Environments: .env.local

 ✓ Starting...
 ✓ Ready in 4.4s
[?25h
